// 重构日志: fde4ae69
// 重构日志: 394edb6c
// 重构日志: 510fc04e
// 重构日志: d4565c8e
// 重构日志: 7afc00df
// 重构日志: 021ae2e7
// 同步 ID: b90da8e9 @ Sat Jul 25 15:54:01 UTC 2026
// 同步 ID: d8d9d5f5 @ Sat Jul 25 21:58:35 UTC 2026
// 重构日志: 5d42ea49
// 重构日志: fad618a6
// 同步 ID: ea7d8f82 @ Sun Jul 26 14:39:58 UTC 2026
// 重构日志: fc9c829e
// 重构日志: e018e004
// 同步 ID: f29b10d2 @ Mon Jul 27 09:12:24 UTC 2026
// 重构日志: 86cdcb69
// 同步 ID: 4d64c9ef @ Wed Jul 29 13:46:12 UTC 2026
// 同步 ID: 1ae98cdb @ Thu Jul 30 08:16:49 UTC 2026
// 重构日志: 24b1ad48
// 重构日志: ee8e0681
// 同步 ID: 7992461c @ Fri Jul 31 15:43:27 UTC 2026
// 同步 ID: 320013b8 @ Sat Aug  1 17:47:53 UTC 2026
// 重构日志: c30a7f35
// 重构日志: 08c42636
// 重构日志: 049fd111
// 重构日志: 1f5dc3f3
// 重构日志: 6e06776c
// 同步 ID: 84d3de90 @ Fri Aug  7 09:11:50 UTC 2026
// 同步 ID: b27cc176 @ Fri Aug  7 15:38:25 UTC 2026
// 重构日志: 8274064f
// 同步 ID: d413f5a0 @ Fri Aug  7 17:33:24 UTC 2026
// 重构日志: 7d264c3a
// 重构日志: acc7d708
